Last login: Sun May 24 16:38:47 on ttys000

The default interactive shell is now zsh.
To update your account to use zsh, please run `chsh -s /bin/zsh`.
For more details, please visit https://support.apple.com/kb/HT208050.
(base) Foggs-MacBook-Pro:RepLikeGirl msfogg$ git status
On branch master
Your branch and 'origin/master' have diverged,
and have 3 and 1 different commits each, respectively.
  (use "git pull" to merge the remote branch into yours)

You have unmerged paths.
  (fix conflicts and run "git commit")
  (use "git merge --abort" to abort the merge)

Changes to be committed:
	new file:   1 originalData/Readme.md
	new file:   1 originalData/Replication Data for: You Research Like a Girl: Gendered Research Agendas and Their Implications - PS: Political Science & Politics.pdf
	new file:   1 originalData/dissertation-data-clean.csv
	new file:   1 originalData/output-for-figure.csv
	new file:   1 originalData/plot-file.R
	new file:   1 originalData/you_research_like_a_girl_gendered_research_agendas_and_their_implications.pdf
	new file:   1 originalData/yrlag-clean.R
	new file:   2 STM documentation/stm copy.pdf
	new file:   2 STM documentation/stm pitch.pdf
	new file:   2 STM documentation/stmVignette.pdf

Unmerged paths:
  (use "git add <file>..." to mark resolution)
	both added:      Source/Repl_ResearchLikeGirl.Rmd

(base) Foggs-MacBook-Pro:RepLikeGirl msfogg$ ls
1 originalData		STM documentation	source
2 STM documentation	data			workRandom
README.md		originalData
RepLikeGirl.Rproj	output
(base) Foggs-MacBook-Pro:RepLikeGirl msfogg$ git add source/Repl_ResearchLikeGirl.Rmd
(base) Foggs-MacBook-Pro:RepLikeGirl msfogg$ git status
On branch master
Your branch and 'origin/master' have diverged,
and have 3 and 1 different commits each, respectively.
  (use "git pull" to merge the remote branch into yours)

You have unmerged paths.
  (fix conflicts and run "git commit")
  (use "git merge --abort" to abort the merge)

Changes to be committed:
	new file:   1 originalData/Readme.md
	new file:   1 originalData/Replication Data for: You Research Like a Girl: Gendered Research Agendas and Their Implications - PS: Political Science & Politics.pdf
	new file:   1 originalData/dissertation-data-clean.csv
	new file:   1 originalData/output-for-figure.csv
	new file:   1 originalData/plot-file.R
	new file:   1 originalData/you_research_like_a_girl_gendered_research_agendas_and_their_implications.pdf
	new file:   1 originalData/yrlag-clean.R
	new file:   2 STM documentation/stm copy.pdf
	new file:   2 STM documentation/stm pitch.pdf
	new file:   2 STM documentation/stmVignette.pdf

Unmerged paths:
  (use "git add <file>..." to mark resolution)
	both added:      Source/Repl_ResearchLikeGirl.Rmd

(base) Foggs-MacBook-Pro:RepLikeGirl msfogg$ git pull
error: Pulling is not possible because you have unmerged files.
hint: Fix them up in the work tree, and then use 'git add/rm <file>'
hint: as appropriate to mark resolution and make a commit.
fatal: Exiting because of an unresolved conflict.
(base) Foggs-MacBook-Pro:RepLikeGirl msfogg$ git add source/Repl_ResearchLikeGirl.Rmd
(base) Foggs-MacBook-Pro:RepLikeGirl msfogg$ git add source/Repl_ResearchLikeGirl.Rmd
(base) Foggs-MacBook-Pro:RepLikeGirl msfogg$ git status
On branch master
Your branch and 'origin/master' have diverged,
and have 3 and 1 different commits each, respectively.
  (use "git pull" to merge the remote branch into yours)

nothing to commit, working tree clean
(base) Foggs-MacBook-Pro:RepLikeGirl msfogg$ git rm Readme.md
fatal: pathspec 'Readme.md' did not match any files
(base) Foggs-MacBook-Pro:RepLikeGirl msfogg$ git rm 1 originalData/Readme.md
fatal: pathspec '1' did not match any files
(base) Foggs-MacBook-Pro:RepLikeGirl msfogg$ git rm "1 originalData/Readme.md"
fatal: pathspec '1 originalData/Readme.md' did not match any files
(base) Foggs-MacBook-Pro:RepLikeGirl msfogg$ git status
On branch master
Your branch and 'origin/master' have diverged,
and have 3 and 1 different commits each, respectively.
  (use "git pull" to merge the remote branch into yours)

nothing to commit, working tree clean
(base) Foggs-MacBook-Pro:RepLikeGirl msfogg$ git status
On branch master
Your branch and 'origin/master' have diverged,
and have 3 and 11 different commits each, respectively.
  (use "git pull" to merge the remote branch into yours)

nothing to commit, working tree clean
(base) Foggs-MacBook-Pro:RepLikeGirl msfogg$ git checkout
Your branch and 'origin/master' have diverged,
and have 3 and 11 different commits each, respectively.
  (use "git pull" to merge the remote branch into yours)
(base) Foggs-MacBook-Pro:RepLikeGirl msfogg$ git fetch
(base) Foggs-MacBook-Pro:RepLikeGirl msfogg$ git status
On branch master
Your branch and 'origin/master' have diverged,
and have 3 and 11 different commits each, respectively.
  (use "git pull" to merge the remote branch into yours)

nothing to commit, working tree clean
(base) Foggs-MacBook-Pro:RepLikeGirl msfogg$ git reset --hard origin/master
HEAD is now at 0817695 Delete stmVignette.pdf
(base) Foggs-MacBook-Pro:RepLikeGirl msfogg$ git status
On branch master
Your branch is up to date with 'origin/master'.

Untracked files:
  (use "git add <file>..." to include in what will be committed)
	.Rhistory
	.Rproj.user/
	output/
	source/.Rhistory

nothing added to commit but untracked files present (use "git add" to track)
(base) Foggs-MacBook-Pro:RepLikeGirl msfogg$ git add source/Repl_ResearchLikeGirl.Rmd
(base) Foggs-MacBook-Pro:RepLikeGirl msfogg$ git status
On branch master
Your branch is up to date with 'origin/master'.

Untracked files:
  (use "git add <file>..." to include in what will be committed)
	.Rhistory
	.Rproj.user/
	output/
	source/.Rhistory

nothing added to commit but untracked files present (use "git add" to track)
(base) Foggs-MacBook-Pro:RepLikeGirl msfogg$ 
